error: expected rustc release number, like 1.31
 --> $DIR/bad-bound.rs:1:22
  |
1 | #[rustversion::since(stable)]
  |                      ^^^^^^

error: expected rustc release number, like 1.31
 --> $DIR/bad-bound.rs:4:26
  |
4 | #[rustversion::any(since(stable))]
  |                          ^^^^^^
